
> frontend@0.1.0 build
> react-scripts build

node.exe : (node:7520) [DEP0176] 
DeprecationWarning: fs.F_OK is 
deprecated, use fs.constants.F_OK 
instead
At line:1 char:1
+ & "C:\Program Files\nodejs/node.exe" 
"C:\Program Files\nodejs/node_mo ...
+ ~~~~~~~~~~~~~~~~~~~~~~~~~~~~~~~~~~~~~~
~~~~~~~~~~~~~~~~~~~~~~~~~~~~~~~
    + CategoryInfo          : NotSpecif 
   ied: ((node:7520) [DE...ts.F_OK ins  
  tead:String) [], RemoteException
    + FullyQualifiedErrorId : NativeCom 
   mandError
 
(Use `node --trace-deprecation ...` to 
show where the warning was created)
Creating an optimized production build...
Failed to compile.

[eslint] 
src\pages\CGPA.jsx
  Line 109:37:  'useState' is not defined   no-undef
  Line 110:33:  'useState' is not defined   no-undef
  Line 111:39:  'useState' is not defined   no-undef
  Line 112:41:  'useState' is not defined   no-undef
  Line 113:41:  'useState' is not defined   no-undef
  Line 114:37:  'useState' is not defined   no-undef
  Line 115:37:  'useState' is not defined   no-undef
  Line 116:20:  'useRef' is not defined     no-undef
  Line 118:3:   'useEffect' is not defined  no-undef
  Line 280:39:  'useState' is not defined   no-undef
  Line 281:37:  'useState' is not defined   no-undef
  Line 289:39:  'useState' is not defined   no-undef
  Line 290:33:  'useState' is not defined   no-undef

Search for the keywords to learn more about each error.


